Stack Allocation = 12000 bytes

 Start  Stop   Length Name                   Class
 00000H 0FB3BH 0FB3CH MATH_TEXT              CODE
 0FB3CH 11AB7H 01F7CH OPEN_TEXT              CODE
 11AB8H 11ACDH 00016H FILLA_TEXT             CODE
 11ACEH 167CAH 04CFDH _TEXT                  CODE
 167D0H 18EBFH 026F0H EMULATOR_TEXT          CODE
 18EC0H 200CDH 0720EH GAMELIB_TEXT           CODE
 200CEH 200E1H 00014H QSET_TEXT              CODE
 200E2H 2051BH 0043AH MYLIB_TEXT             CODE
 2051CH 2051CH 00000H C_ETEXT                ENDCODE
 20520H 2068FH 00170H EMULATOR_DATA          FAR_DATA
 20690H 206D1H 00042H NULL                   BEGDATA
 206D2H 22BE5H 02514H _DATA                  DATA
 22BE6H 22BE7H 00002H XIQC                   DATA
 22BE8H 22BF3H 0000CH DBDATA                 DATA
 22BF4H 22C01H 0000EH CDATA                  DATA
 22C02H 22C02H 00000H XIFB                   DATA
 22C02H 22C02H 00000H XIF                    DATA
 22C02H 22C02H 00000H XIFE                   DATA
 22C02H 22C02H 00000H XIB                    DATA
 22C02H 22C0DH 0000CH XI                     DATA
 22C0EH 22C0EH 00000H XIE                    DATA
 22C0EH 22C0EH 00000H XPB                    DATA
 22C0EH 22C11H 00004H XP                     DATA
 22C12H 22C12H 00000H XPE                    DATA
 22C12H 22C12H 00000H XCB                    DATA
 22C12H 22C12H 00000H XC                     DATA
 22C12H 22C12H 00000H XCE                    DATA
 22C12H 22C12H 00000H XCFB                   DATA
 22C12H 22C12H 00000H XCFCRT                 DATA
 22C12H 22C12H 00000H XCF                    DATA
 22C12H 22C12H 00000H XCFE                   DATA
 22C12H 22C12H 00000H XIFCB                  DATA
 22C12H 22C12H 00000H XIFU                   DATA
 22C12H 22C12H 00000H XIFL                   DATA
 22C12H 22C12H 00000H XIFM                   DATA
 22C12H 22C12H 00000H XIFCE                  DATA
 22C12H 22C99H 00088H CONST                  CONST
 22C9AH 22CA1H 00008H HDR                    MSG
 22CA2H 22E81H 001E0H MSG                    MSG
 22E82H 22E83H 00002H PAD                    MSG
 22E84H 22E84H 00001H EPAD                   MSG
 22E86H 22EB3H 0002EH _BSS                   BSS
 22EB4H 22EB4H 00000H XOB                    BSS
 22EB4H 22EB4H 00000H XO                     BSS
 22EB4H 22EB4H 00000H XOE                    BSS
 22EB4H 22EB4H 00000H XOFB                   BSS
 22EB4H 22EB4H 00000H XOF                    BSS
 22EB4H 22EB4H 00000H XOFE                   BSS
 22EC0H 2C693H 097D4H c_common               BSS
 2C6A0H 2F57FH 02EE0H STACK                  STACK

 Origin   Group
 2069:0   DGROUP

Program entry point at 11AC:001E
